
================================================================================
AVIS自适应视频流调度算法仿真
================================================================================

论文: A Scheduling Framework for Adaptive Video Delivery over Cellular Networks
作者: Jiasi Chen, Rajesh Mahindra, Mohammad A. Khojastepour, Sampath Rangarajan, Mung Chiang

================================================================================
第一阶段: 不同α参数下的对比实验
================================================================================

【测试参数集 α=0.1】

启动仿真: AVIS (α=0.1)
  仿真时长: 300秒
  仿真进度: 0/300 (时间: 0.0s)
  仿真进度: 50/300 (时间: 50.0s)
  仿真进度: 100/300 (时间: 100.0s)
  仿真进度: 150/300 (时间: 150.0s)
  仿真进度: 200/300 (时间: 200.0s)
  仿真进度: 250/300 (时间: 250.0s)
  仿真完成!

启动仿真: NO-AVIS
  仿真时长: 300秒
  仿真进度: 0/300 (时间: 0.0s)
  仿真进度: 50/300 (时间: 50.0s)
  仿真进度: 100/300 (时间: 100.0s)
  仿真进度: 150/300 (时间: 150.0s)
  仿真进度: 200/300 (时间: 200.0s)
  仿真进度: 250/300 (时间: 250.0s)
  仿真完成!

================================================================================
性能评估总结 (alpha=0.1)
================================================================================

【公平性指数 (Jain's Fairness Index)】
  AVIS:    1.0000
  NO-AVIS: 0.5984
  改进:    0.4016 (+67.1%)

【码率切换频率 (总切换次数)】
  AVIS 总切换: 0 次
    用户0: 0 次
    用户1: 0 次
    用户2: 0 次
    用户3: 0 次
  NO-AVIS 总切换: 328 次
    用户0: 66 次
    用户1: 95 次
    用户2: 99 次
    用户3: 68 次
  改进: 328 次减少 (+100.0%)

【资源利用率】
  AVIS:    1.89%
  NO-AVIS: 0.00%
  改进:    +1.89%

【平均码率 (kbps)】
  AVIS:    500 kbps
    用户0: 500 kbps
    用户1: 500 kbps
    用户2: 500 kbps
    用户3: 500 kbps
  NO-AVIS: 3410 kbps
    用户0: 4890 kbps
    用户1: 2285 kbps
    用户2: 1238 kbps
    用户3: 5227 kbps

【码率稳定性 (标准差, 越低越稳定)】
  AVIS:    0 kbps
  NO-AVIS: 1462 kbps
  改进:    1462 kbps 更稳定
================================================================================


【测试参数集 α=0.5】

启动仿真: AVIS (α=0.5)
  仿真时长: 300秒
  仿真进度: 0/300 (时间: 0.0s)
  仿真进度: 50/300 (时间: 50.0s)
  仿真进度: 100/300 (时间: 100.0s)
  仿真进度: 150/300 (时间: 150.0s)
  仿真进度: 200/300 (时间: 200.0s)
  仿真进度: 250/300 (时间: 250.0s)
  仿真完成!

================================================================================
性能评估总结 (alpha=0.5)
================================================================================

【公平性指数 (Jain's Fairness Index)】
  AVIS:    1.0000
  NO-AVIS: 0.5984
  改进:    0.4016 (+67.1%)

【码率切换频率 (总切换次数)】
  AVIS 总切换: 0 次
    用户0: 0 次
    用户1: 0 次
    用户2: 0 次
    用户3: 0 次
  NO-AVIS 总切换: 328 次
    用户0: 66 次
    用户1: 95 次
    用户2: 99 次
    用户3: 68 次
  改进: 328 次减少 (+100.0%)

【资源利用率】
  AVIS:    1.77%
  NO-AVIS: 0.00%
  改进:    +1.77%

【平均码率 (kbps)】
  AVIS:    500 kbps
    用户0: 500 kbps
    用户1: 500 kbps
    用户2: 500 kbps
    用户3: 500 kbps
  NO-AVIS: 3410 kbps
    用户0: 4890 kbps
    用户1: 2285 kbps
    用户2: 1238 kbps
    用户3: 5227 kbps

【码率稳定性 (标准差, 越低越稳定)】
  AVIS:    0 kbps
  NO-AVIS: 1462 kbps
  改进:    1462 kbps 更稳定
================================================================================


【测试参数集 α=1.0】

启动仿真: AVIS (α=1.0)
  仿真时长: 300秒
  仿真进度: 0/300 (时间: 0.0s)
  仿真进度: 50/300 (时间: 50.0s)
  仿真进度: 100/300 (时间: 100.0s)
  仿真进度: 150/300 (时间: 150.0s)
  仿真进度: 200/300 (时间: 200.0s)
  仿真进度: 250/300 (时间: 250.0s)
  仿真完成!

================================================================================
性能评估总结 (alpha=1.0)
================================================================================

【公平性指数 (Jain's Fairness Index)】
  AVIS:    1.0000
  NO-AVIS: 0.5984
  改进:    0.4016 (+67.1%)

【码率切换频率 (总切换次数)】
  AVIS 总切换: 0 次
    用户0: 0 次
    用户1: 0 次
    用户2: 0 次
    用户3: 0 次
  NO-AVIS 总切换: 328 次
    用户0: 66 次
    用户1: 95 次
    用户2: 99 次
    用户3: 68 次
  改进: 328 次减少 (+100.0%)

【资源利用率】
  AVIS:    1.91%
  NO-AVIS: 0.00%
  改进:    +1.91%

【平均码率 (kbps)】
  AVIS:    500 kbps
    用户0: 500 kbps
    用户1: 500 kbps
    用户2: 500 kbps
    用户3: 500 kbps
  NO-AVIS: 3410 kbps
    用户0: 4890 kbps
    用户1: 2285 kbps
    用户2: 1238 kbps
    用户3: 5227 kbps

【码率稳定性 (标准差, 越低越稳定)】
  AVIS:    0 kbps
  NO-AVIS: 1462 kbps
  改进:    1462 kbps 更稳定
================================================================================


================================================================================
第二阶段: 生成可视化结果
================================================================================

生成 α=0.1 的图表...
  ✓ 码率对比图: bitrate_comparison_alpha_0.1.png
  ✓ 公平性时间序列: fairness_over_time_alpha_0.1.png
  ✓ 码率切换对比: bitrate_switches_alpha_0.1.png

生成 α=0.5 的图表...
  ✓ 码率对比图: bitrate_comparison_alpha_0.5.png
  ✓ 公平性时间序列: fairness_over_time_alpha_0.5.png
  ✓ 码率切换对比: bitrate_switches_alpha_0.5.png

生成 α=1.0 的图表...
  ✓ 码率对比图: bitrate_comparison_alpha_1.0.png
  ✓ 公平性时间序列: fairness_over_time_alpha_1.0.png
  ✓ 码率切换对比: bitrate_switches_alpha_1.0.png

  ✓ α参数影响分析: metrics_vs_alpha.png
  ✓ 汇总报告: summary_report.png

================================================================================
第三阶段: 实验统计汇总
================================================================================

【ALPHA参数对AVIS性能的影响】
--------------------------------------------------------------------------------
α值         公平性          码率切换            平均码率            稳定性         
--------------------------------------------------------------------------------
0.1        1.0000       0               500             0           
0.5        1.0000       0               500             0           
1.0        1.0000       0               500             0           

================================================================================
仿真完成! 所有结果已保存到 results/ 目录
================================================================================

【关键发现】
--------------------------------------------------------------------------------

1. 最优参数: α=0.1
   - 实现公平性提升: +40.2%
   - 达到公平性指数: 1.0000

2. 码率稳定性改进: 328 次切换减少 (100.0%)

3. 吞吐量: AVIS=500kbps, NO-AVIS=3410kbps

【生成的文件】
--------------------------------------------------------------------------------
  ✓ bitrate_comparison_alpha_0.1.png
  ✓ bitrate_comparison_alpha_0.5.png
  ✓ bitrate_comparison_alpha_1.0.png
  ✓ bitrate_switches_alpha_0.1.png
  ✓ bitrate_switches_alpha_0.5.png
  ✓ bitrate_switches_alpha_1.0.png
  ✓ fairness_over_time_alpha_0.1.png
  ✓ fairness_over_time_alpha_0.5.png
  ✓ fairness_over_time_alpha_1.0.png
  ✓ metrics_vs_alpha.png
  ✓ summary_report.png

================================================================================
感谢使用AVIS仿真平台!
================================================================================

